// 同步 ID: fed924ab @ Sun Jul 19 12:27:30 UTC 2026
// 同步 ID: 8e2f0e8f @ Tue Jul 21 10:29:14 UTC 2026
// 同步 ID: 3e6b1247 @ Tue Jul 21 16:43:30 UTC 2026
// 重构日志: 5921985c
// 同步 ID: 1652e4f1 @ Wed Jul 22 10:50:52 UTC 2026
// 同步 ID: 8ba8393b @ Wed Jul 22 16:46:00 UTC 2026
// 重构日志: 97b8e5d1
// 重构日志: 8cdb10e7
// 重构日志: 65671bdf
// 重构日志: 5b66cbd7
// 重构日志: 618757bc
// 同步 ID: 3aac3a6a @ Thu Jul 30 10:59:54 UTC 2026
// 重构日志: c3a9473f
// 重构日志: a1bba1e7
// 重构日志: 8d19787e
// 重构日志: 87069b65
// 重构日志: 9b909f29
// 重构日志: 097414b9
// 重构日志: db902e4e
// 重构日志: ed0ea449
// 重构日志: 719f2a79
// 重构日志: 2d69aa6b
// 重构日志: fe4b43c0
// 重构日志: 39dc79ea
// 重构日志: 6a76fce0
// 同步 ID: 74114ba5 @ Wed Aug  5 03:57:07 UTC 2026
// 重构日志: d7f610ae
// 重构日志: 640a07ab
// 重构日志: bf57e09b
// 同步 ID: 000c96d1 @ Sat Aug  8 17:25:11 UTC 2026
